V3 11
FL /home/student1/ssivapra/Desktop/coe758/Project2/Project2/ipcore_dir/proj2_icon.vhd 2025/11/11.19:08:51 O.87xd
EN work/proj2_icon 1763051617 \
      FL /home/student1/ssivapra/Desktop/coe758/Project2/Project2/ipcore_dir/proj2_icon.vhd \
      PB ieee/std_logic_1164 1325952872
AR work/proj2_icon/proj2_icon_a 1763051618 \
      FL /home/student1/ssivapra/Desktop/coe758/Project2/Project2/ipcore_dir/proj2_icon.vhd \
      EN work/proj2_icon 1763051617
FL /home/student1/ssivapra/Desktop/coe758/Project2/Project2/ipcore_dir/proj2_ila.vhd 2025/11/11.19:33:53 O.87xd
EN work/proj2_ila 1763051619 \
      FL /home/student1/ssivapra/Desktop/coe758/Project2/Project2/ipcore_dir/proj2_ila.vhd \
      PB ieee/std_logic_1164 1325952872
AR work/proj2_ila/proj2_ila_a 1763051620 \
      FL /home/student1/ssivapra/Desktop/coe758/Project2/Project2/ipcore_dir/proj2_ila.vhd \
      EN work/proj2_ila 1763051619
FL /home/student1/ssivapra/Desktop/coe758/Project2/Project2/project2.vhd 2025/11/13.11:33:27 O.87xd
EN work/project2 1763051621 \
      FL /home/student1/ssivapra/Desktop/coe758/Project2/Project2/project2.vhd \
      PB ieee/std_logic_1164 1325952872 PB ieee/NUMERIC_STD 1325952877
AR work/project2/Behavioral 1763051622 \
      FL /home/student1/ssivapra/Desktop/coe758/Project2/Project2/project2.vhd \
      EN work/project2 1763051621 CP proj2_icon CP proj2_ila
